Microchip MPLAB XC8 Compiler V3.00

Linker command line:

-W-3 \
  --edf=C:\Program Files\Microchip\xc8\v3.00\pic\dat\20241204225717_en.msgs \
  -cn -h+dist/default/production\washing_machine.X.production.sym \
  --cmf=dist/default/production\washing_machine.X.production.cmf -z \
  -Q16F877A -oC:\Users\91800\AppData\Local\Temp\xcAsi28.\driver_tmp_3.o \
  --defsym=__MPLAB_BUILD=1 --fixupoverflow=error \
  -Mdist/default/production/washing_machine.X.production.map \
  --md=C:\Users\91800\AppData\Local\Temp\xcAsi28.\driver_tmp_0.dat -E1 \
  -ver=XC8 Compiler -ACODE=00h-07FFhx4 -ASTRCODE=00h-01FFFh \
  -ASTRING=00h-0FFhx32 -ACONST=00h-0FFhx32 -AENTRY=00h-0FFhx32 \
  -ACOMMON=070h-07Fh -ABANK0=020h-06Fh -ABANK1=0A0h-0EFh \
  -ABANK2=0110h-016Fh -ABANK3=0190h-01EFh \
  -ARAM=020h-06Fh,0A0h-0EFh,0110h-016Fh,0190h-01EFh \
  -AABS1=020h-07Fh,0A0h-0EFh,0110h-016Fh,0190h-01EFh -ASFR0=00h-01Fh \
  -ASFR1=080h-09Fh -ASFR2=0100h-010Fh -ASFR3=0180h-018Fh \
  -ACONFIG=02007h-02007h -DCONFIG=2 -AIDLOC=02000h-02003h -DIDLOC=2 \
  -AEEDATA=00h-0FFh/02100h -peeprom_data=EEDATA -DEEDATA=2 -DCODE=2 \
  -DSTRCODE=2 -DSTRING=2 -DCONST=2 -DENTRY=2 \
  -preset_vec=00h,intentry=04h,sivt,init,end_init -ppowerup=CODE \
  -pcinit=CODE -pfunctab=ENTRY -k \
  C:\Users\91800\AppData\Local\Temp\xcAsi28.\driver_tmp_12.o \
  dist/default/production\washing_machine.X.production.o 

Object code version is 3.11

Machine type is 16F877A



                Name                               Link     Load   Length Selector   Space Scale
C:\Users\91800\AppData\Local\Temp\xcAsi28.\driver_tmp_12.o
                end_init                              C        C        3        8       0
                reset_vec                             0        0        3        0       0
                config                             2007     2007        1        0       4
dist/default/production\washing_machine.X.production.o
                cinit                                 F        F       34        8       0
                intentry                              4        4        8        8       0
                config                             2007     2007        1        0       4
                text27                             15FA     15FA       3A     2BF4       0
                text26                             1538     1538       21     2A70       0
                text25                             1634     1634       47     2C68       0
                text24                             14D5     14D5        B     29AA       0
                text23                             14CF     14CF        6     299E       0
                text22                             14E0     14E0        D     29C0       0
                text21                             1522     1522       16     2A44       0
                text20                             15CB     15CB       2F     2B96       0
                text19                             150D     150D       15     2A1A       0
                text18                              86A      86A       95     10D4       0
                text17                             1728     1728       62     2E50       0
                text16                              805      805       65     100A       0
                text15                             16D1     16D1       57     2DA2       0
                text14                              8FF      8FF       A4     11FE       0
                text13                             15A2     15A2       29     2B44       0
                text12                              3E6      3E6      342        8       0
                text11                              DA8      DA8      258     1B50       0
                text10                             1559     1559       24     2AB2       0
                text9                              178A     178A       76     2F14       0
                text8                              157D     157D       25     2AFA       0
                text7                               728      728       B6        8       0
                text6                              14ED     14ED        D     29DA       0
                text5                              167B     167B       56     2CF6       0
                text4                                43       43      3A3        8       0
                text3                               B87      B87       FB     170E       0
                text2                               9A3      9A3       F2     1346       0
                text1                               A95      A95       F2     152A       0
                maintext                            C82      C82      126     1904       0
                cstackBANK0                          20       20       40       20       1
                cstackCOMMON                         70       70        9       70       1
                cstackBANK1                          C2       C2        5       A0       1
                inittext                           14FA     14FA       13     29F4       0
                dataBANK1                            A0       A0       22       A0       1
                bssBANK1                             C7       C7        4       A0       1
                dataBANK0                            6D       6D        2       20       1
                bssBANK0                             60       60        B       20       1
                bssCOMMON                            79       79        3       70       1
                stringtext                         1000     1000      197       20       0
                strings                            1197     1197       12     232E       0
                nvBANK0                              6B       6B        2       20       1
                idataBANK1                          7DE      7DE       22        8       0
                idataBANK0                          803      803        2     1006       0

TOTAL           Name                               Link     Load   Length     Space
        CLASS   CODE           
                end_init                              C        C        3         0
                cinit                                 F        F       34         0
                intentry                              4        4        8         0
                reset_vec                             0        0        3         0
                text27                             15FA     15FA       3A         0
                text26                             1538     1538       21         0
                text25                             1634     1634       47         0
                text24                             14D5     14D5        B         0
                text23                             14CF     14CF        6         0
                text22                             14E0     14E0        D         0
                text21                             1522     1522       16         0
                text20                             15CB     15CB       2F         0
                text19                             150D     150D       15         0
                text18                              86A      86A       95         0
                text17                             1728     1728       62         0
                text16                              805      805       65         0
                text15                             16D1     16D1       57         0
                text14                              8FF      8FF       A4         0
                text13                             15A2     15A2       29         0
                text12                              3E6      3E6      342         0
                text11                              DA8      DA8      258         0
                text10                             1559     1559       24         0
                text9                              178A     178A       76         0
                text8                              157D     157D       25         0
                text7                               728      728       B6         0
                text6                              14ED     14ED        D         0
                text5                              167B     167B       56         0
                text4                                43       43      3A3         0
                text3                               B87      B87       FB         0
                text2                               9A3      9A3       F2         0
                text1                               A95      A95       F2         0
                maintext                            C82      C82      126         0
                inittext                           14FA     14FA       13         0
                idataBANK1                          7DE      7DE       22         0
                idataBANK0                          803      803        2         0

        CLASS   STRCODE        
                stringtext                         1000     1000      197         0

        CLASS   STRING         
                strings                            1197     1197       12         0

        CLASS   CONST          

        CLASS   ENTRY          

        CLASS   COMMON         
                cstackCOMMON                         70       70        9         1
                bssCOMMON                            79       79        3         1

        CLASS   BANK0          
                cstackBANK0                          20       20       40         1
                dataBANK0                            6D       6D        2         1
                bssBANK0                             60       60        B         1
                nvBANK0                              6B       6B        2         1

        CLASS   BANK1          
                cstackBANK1                          C2       C2        5         1
                dataBANK1                            A0       A0       22         1
                bssBANK1                             C7       C7        4         1

        CLASS   BANK2          

        CLASS   BANK3          

        CLASS   RAM            

        CLASS   ABS1           
                abs_s1                               7E       7E        2         1

        CLASS   SFR0           

        CLASS   SFR1           

        CLASS   SFR2           

        CLASS   SFR3           

        CLASS   CONFIG         
                config                             2007     2007        1         4

        CLASS   IDLOC          

        CLASS   EEDATA         

        CLASS   HEAP           

        CLASS   STACK          



SEGMENTS        Name                           Load    Length   Top    Selector   Space  Class     Delta

                reset_vec                      000000  000003  000003         0       0  CODE        2
                intentry                       000004  0007FC  000800         8       0  CODE        2
                cstackBANK0                    000020  00004F  00006F        20       1  BANK0       1
                cstackCOMMON                   000070  00000C  00007C        70       1  COMMON      1
                dataBANK1                      0000A0  00002B  0000CB        A0       1  BANK1       1
                idataBANK0                     000803  000002  000805      1006       0  CODE        2
                text16                         000805  000065  00086A      100A       0  CODE        2
                text18                         00086A  000095  0008FF      10D4       0  CODE        2
                text14                         0008FF  0000A4  0009A3      11FE       0  CODE        2
                text2                          0009A3  0000F2  000A95      1346       0  CODE        2
                text1                          000A95  0000F2  000B87      152A       0  CODE        2
                text3                          000B87  0000FB  000C82      170E       0  CODE        2
                maintext                       000C82  000126  000DA8      1904       0  CODE        2
                text11                         000DA8  000258  001000      1B50       0  CODE        2
                stringtext                     001000  000197  001197        20       0  STRCODE     2
                strings                        001197  000012  0011A9      232E       0  STRING      2
                text23                         0014CF  000006  0014D5      299E       0  CODE        2
                text24                         0014D5  00000B  0014E0      29AA       0  CODE        2
                text22                         0014E0  00000D  0014ED      29C0       0  CODE        2
                text6                          0014ED  00000D  0014FA      29DA       0  CODE        2
                inittext                       0014FA  000013  00150D      29F4       0  CODE        2
                text19                         00150D  000015  001522      2A1A       0  CODE        2
                text21                         001522  000016  001538      2A44       0  CODE        2
                text26                         001538  000021  001559      2A70       0  CODE        2
                text10                         001559  000024  00157D      2AB2       0  CODE        2
                text8                          00157D  000025  0015A2      2AFA       0  CODE        2
                text13                         0015A2  000029  0015CB      2B44       0  CODE        2
                text20                         0015CB  00002F  0015FA      2B96       0  CODE        2
                text27                         0015FA  00003A  001634      2BF4       0  CODE        2
                text25                         001634  000047  00167B      2C68       0  CODE        2
                text5                          00167B  000056  0016D1      2CF6       0  CODE        2
                text15                         0016D1  000057  001728      2DA2       0  CODE        2
                text17                         001728  000062  00178A      2E50       0  CODE        2
                text9                          00178A  000076  001800      2F14       0  CODE        2


UNUSED ADDRESS RANGES

        Name                Unused          Largest block    Delta
        BANK0            006F-006F              1           1
        BANK1            00CB-00EF             25           1
        BANK2            0110-016F             60           1
        BANK3            0190-01EF             60           1
        CODE             0003-0003              1           2
                         0800-0802              3
                         11A9-14CE            326
                         1800-1FFF            800
        COMMON           007C-007D              2           1
        CONST            0003-0003              1           2
                         0800-0802              3
                         11A9-14CE            100
                         1800-1FFF            100
        EEDATA           2100-21FF            100           2
        ENTRY            0003-0003              1           2
                         0800-0802              3
                         11A9-14CE            100
                         1800-1FFF            100
        IDLOC            2000-2003              4           2
        RAM              006F-006F              1           1
                         00CB-00EF             25
                         0110-016F             60
                         0190-01EF             60
        SFR0             0000-001F             20           1
        SFR1             0080-009F             20           1
        SFR2             0100-010F             10           1
        SFR3             0180-018F             10           1
        STRCODE          0003-0003              1           2
                         0800-0802              3
                         11A9-14CE            326
                         1800-1FFF            800
        STRING           0003-0003              1           2
                         0800-0802              3
                         11A9-14CE            100
                         1800-1FFF            100

                                  Symbol Table

?__Umul8_16                      cstackCOMMON 0072
?___awdiv                        cstackCOMMON 0072
?___awmod                        cstackCOMMON 0072
?___fladd                        cstackBANK0  0020
?___flmul                        cstackBANK0  002A
?___flsub                        cstackBANK0  0044
?___fltol                        cstackBANK0  0044
?___wmul                         cstackCOMMON 0072
?___xxtofl                       cstackCOMMON 0072
_GIE                             (abs)        005F
_PEIE                            (abs)        005E
_PORTB                           (abs)        0006
_PORTCbits                       (abs)        0007
_PORTD                           (abs)        0008
_PR2                             (abs)        0092
_RB0                             (abs)        0030
_RC2                             (abs)        003A
_RE1                             (abs)        0049
_RE2                             (abs)        004A
_T2CKPS0                         (abs)        0090
_T2CKPS1                         (abs)        0091
_TMR2IE                          (abs)        0461
_TMR2IF                          (abs)        0061
_TMR2ON                          (abs)        0092
_TRISB                           (abs)        0086
_TRISC1                          (abs)        0439
_TRISC2                          (abs)        043A
_TRISD                           (abs)        0088
_TRISE1                          (abs)        0449
_TRISE2                          (abs)        044A
__H__absolute__                  __absolute__ 0000
__Habs1                          abs1         0000
__Hbank0                         bank0        0000
__Hbank1                         bank1        0000
__Hbank2                         bank2        0000
__Hbank3                         bank3        0000
__HbssBANK0                      bssBANK0     0000
__HbssBANK1                      bssBANK1     0000
__HbssCOMMON                     bssCOMMON    0000
__Hcinit                         cinit        0043
__Hclrtext                       clrtext      0000
__Hcode                          code         0000
__Hcommon                        common       0000
__Hconfig                        config       2008
__HcstackBANK0                   cstackBANK0  0000
__HcstackBANK1                   cstackBANK1  0000
__HcstackCOMMON                  cstackCOMMON 0000
__HdataBANK0                     dataBANK0    0000
__HdataBANK1                     dataBANK1    0000
__Heeprom_data                   eeprom_data  0000
__Hend_init                      end_init     000F
__Hfunctab                       functab      0000
__Hheap                          heap         0000
__HidataBANK0                    idataBANK0   0000
__HidataBANK1                    idataBANK1   0000
__Hinit                          init         000C
__Hinittext                      inittext     0000
__Hintentry                      intentry     000C
__Hmaintext                      maintext     0000
__HnvBANK0                       nvBANK0      0000
__Hpowerup                       powerup      0000
__Hram                           ram          0000
__Hreset_vec                     reset_vec    0003
__Hsfr0                          sfr0         0000
__Hsfr1                          sfr1         0000
__Hsfr2                          sfr2         0000
__Hsfr3                          sfr3         0000
__Hsivt                          sivt         000C
__Hspace_0                       (abs)        1800
__Hspace_1                       (abs)        00CB
__Hspace_2                       (abs)        0000
__Hspace_3                       (abs)        0000
__Hspace_4                       (abs)        400F
__Hstack                         stack        0000
__Hstrings                       strings      0000
__Hstringtext                    stringtext   0000
__Htext                          text         0000
__L__absolute__                  __absolute__ 0000
__Labs1                          abs1         0000
__Lbank0                         bank0        0000
__Lbank1                         bank1        0000
__Lbank2                         bank2        0000
__Lbank3                         bank3        0000
__LbssBANK0                      bssBANK0     0000
__LbssBANK1                      bssBANK1     0000
__LbssCOMMON                     bssCOMMON    0000
__Lcinit                         cinit        000F
__Lclrtext                       clrtext      0000
__Lcode                          code         0000
__Lcommon                        common       0000
__Lconfig                        config       0000
__LcstackBANK0                   cstackBANK0  0000
__LcstackBANK1                   cstackBANK1  0000
__LcstackCOMMON                  cstackCOMMON 0000
__LdataBANK0                     dataBANK0    0000
__LdataBANK1                     dataBANK1    0000
__Leeprom_data                   eeprom_data  0000
__Lend_init                      end_init     000C
__Lfunctab                       functab      0000
__Lheap                          heap         0000
__LidataBANK0                    idataBANK0   0000
__LidataBANK1                    idataBANK1   0000
__Linit                          init         000C
__Linittext                      inittext     0000
__Lintentry                      intentry     0004
__Lmaintext                      maintext     0000
__LnvBANK0                       nvBANK0      0000
__Lpowerup                       powerup      0000
__Lram                           ram          0000
__Lreset_vec                     reset_vec    0000
__Lsfr0                          sfr0         0000
__Lsfr1                          sfr1         0000
__Lsfr2                          sfr2         0000
__Lsfr3                          sfr3         0000
__Lsivt                          sivt         000C
__Lspace_0                       (abs)        0000
__Lspace_1                       (abs)        0000
__Lspace_2                       (abs)        0000
__Lspace_3                       (abs)        0000
__Lspace_4                       (abs)        0000
__Lstack                         stack        0000
__Lstrings                       strings      0000
__Lstringtext                    stringtext   0000
__Ltext                          text         0000
__S0                             (abs)        1800
__S1                             (abs)        00CB
__S3                             (abs)        0000
__Umul8_16                       text13       15A2
__Umul8_16@multiplicand          cstackCOMMON 0072
__Umul8_16@multiplier            cstackBANK0  0024
__Umul8_16@product               cstackBANK0  0020
__Umul8_16@word_mpld             cstackBANK0  0022
___awdiv                         text16       0805
___awdiv@counter                 cstackBANK0  0020
___awdiv@dividend                cstackCOMMON 0074
___awdiv@divisor                 cstackCOMMON 0072
___awdiv@quotient                cstackBANK0  0022
___awdiv@sign                    cstackBANK0  0021
___awmod                         text15       16D1
___awmod@counter                 cstackCOMMON 0076
___awmod@dividend                cstackCOMMON 0074
___awmod@divisor                 cstackCOMMON 0072
___awmod@sign                    cstackCOMMON 0077
___fladd                         text11       0DA8
___fladd@a                       cstackBANK0  0024
___fladd@aexp                    cstackCOMMON 0073
___fladd@b                       cstackBANK0  0020
___fladd@bexp                    cstackCOMMON 0074
___fladd@grs                     cstackCOMMON 0075
___fladd@signs                   cstackCOMMON 0072
___flge                          text14       08FF
___flge@ff1                      cstackBANK0  004C
___flge@ff2                      cstackBANK0  0050
___flmul                         text12       03E6
___flmul@a                       cstackBANK0  002E
___flmul@aexp                    cstackBANK0  0038
___flmul@b                       cstackBANK0  002A
___flmul@bexp                    cstackBANK0  003D
___flmul@grs                     cstackBANK0  0039
___flmul@prod                    cstackBANK0  003E
___flmul@sign                    cstackBANK0  0037
___flmul@temp                    cstackBANK0  0042
___flsub                         text10       1559
___flsub@a                       cstackBANK0  0044
___flsub@b                       cstackBANK0  0048
___fltol                         text9        178A
___fltol@exp1                    cstackCOMMON 0077
___fltol@f1                      cstackBANK0  0044
___fltol@sign1                   cstackCOMMON 0076
___heap_hi                       (abs)        0000
___heap_lo                       (abs)        0000
___int_sp                        stack        0000
___int_stack_hi                  stack        0000
___int_stack_lo                  stack        0000
___latbits                       (abs)        0002
___sp                            stack        0000
___stack_hi                      stack        0000
___stack_lo                      stack        0000
___stackhi                       (abs)        0000
___stacklo                       (abs)        0000
___wmul                          text8        157D
___wmul@multiplicand             cstackCOMMON 0074
___wmul@multiplier               cstackCOMMON 0072
___wmul@product                  cstackCOMMON 0076
___xxtofl                        text7        0728
___xxtofl@arg                    cstackBANK0  0026
___xxtofl@exp                    cstackBANK0  0025
___xxtofl@sign                   cstackBANK0  0024
___xxtofl@val                    cstackCOMMON 0072
__end_of__Umul8_16               text13       15CB
__end_of___awdiv                 text16       086A
__end_of___awmod                 text15       1728
__end_of___fladd                 text11       1000
__end_of___flge                  text14       09A3
__end_of___flmul                 text12       0728
__end_of___flsub                 text10       157D
__end_of___fltol                 text9        1800
__end_of___wmul                  text8        15A2
__end_of___xxtofl                text7        07DE
__end_of__initialization         cinit        003F
__end_of__stringtab              strings      11A9
__end_of_clcd_print              text20       15FA
__end_of_clcd_putch              text19       1522
__end_of_clcd_write              text26       1559
__end_of_clear_screen            text6        14FA
__end_of_door_status_check       text5        16D1
__end_of_init_clcd               text24       14E0
__end_of_init_config             text21       1538
__end_of_init_digital_keypad     text23       14D5
__end_of_init_display_controller text25       167B
__end_of_init_timer2             text22       14ED
__end_of_isr                     text27       1634
__end_of_main                    maintext     0DA8
__end_of_power_on_screen         text18       08FF
__end_of_read_digital_keypad     text17       178A
__end_of_run_program             text4        03E6
__end_of_set_time_for_program    text3        0C82
__end_of_washing_program_display text2        0A95
__end_of_water_level_display     text1        0B87
__initialization                 cinit        000F
__pbssBANK0                      bssBANK0     0060
__pbssBANK1                      bssBANK1     00C7
__pbssCOMMON                     bssCOMMON    0079
__pcstackBANK0                   cstackBANK0  0020
__pcstackBANK1                   cstackBANK1  00C2
__pcstackCOMMON                  cstackCOMMON 0070
__pdataBANK0                     dataBANK0    006D
__pdataBANK1                     dataBANK1    00A0
__pidataBANK0                    idataBANK0   0803
__pidataBANK1                    idataBANK1   07DE
__pintentry                      intentry     0004
__pmaintext                      maintext     0C82
__pnvBANK0                       nvBANK0      006B
__pstrings                       strings      1197
__pstringtext                    stringtext   1000
__ptext1                         text1        0A95
__ptext10                        text10       1559
__ptext11                        text11       0DA8
__ptext12                        text12       03E6
__ptext13                        text13       15A2
__ptext14                        text14       08FF
__ptext15                        text15       16D1
__ptext16                        text16       0805
__ptext17                        text17       1728
__ptext18                        text18       086A
__ptext19                        text19       150D
__ptext2                         text2        09A3
__ptext20                        text20       15CB
__ptext21                        text21       1522
__ptext22                        text22       14E0
__ptext23                        text23       14CF
__ptext24                        text24       14D5
__ptext25                        text25       1634
__ptext26                        text26       1538
__ptext27                        text27       15FA
__ptext3                         text3        0B87
__ptext4                         text4        0043
__ptext5                         text5        167B
__ptext6                         text6        14ED
__ptext7                         text7        0728
__ptext8                         text8        157D
__ptext9                         text9        178A
__stringbase                     strings      11A9
__stringtab                      strings      1197
_clcd_print                      text20       15CB
_clcd_putch                      text19       150D
_clcd_write                      text26       1538
_clear_screen                    text6        14ED
_door_status_check               text5        167B
_init_clcd                       text24       14D5
_init_config                     text21       1522
_init_digital_keypad             text23       14CF
_init_display_controller         text25       1634
_init_timer2                     text22       14E0
_isr                             text27       15FA
_main                            maintext     0C82
_min                             bssBANK0     0069
_operation_mode                  nvBANK0      006C
_power_on_screen                 text18       086A
_program_no                      bssCOMMON    007B
_read_digital_keypad             text17       1728
_reset_mode                      nvBANK0      006B
_rinse_time                      bssBANK0     0064
_run_program                     text4        0043
_sec                             bssBANK0     006A
_set_time_for_program            text3        0B87
_spin_time                       bssBANK1     00C7
_wash_time                       bssBANK0     0066
_washing_prog                    dataBANK1    00A0
_washing_program_display         text2        09A3
_water_level_arr                 dataBANK1    00B8
_water_level_display             text1        0A95
_water_level_index               bssCOMMON    007A
btemp                            (abs)        007E
clcd_print@addr                  cstackCOMMON 0078
clcd_print@str                   cstackCOMMON 0076
clcd_putch@addr                  cstackCOMMON 0078
clcd_putch@data                  cstackBANK0  0024
clcd_write@byte                  cstackCOMMON 0075
clcd_write@mode                  cstackCOMMON 0072
end_of_initialization            cinit        003F
init_fetch0                      inittext     14FA
init_ram0                        inittext     14FE
interrupt_function               intentry     0004
intlevel0                        functab      0000
intlevel1                        functab      0000
intlevel2                        functab      0000
intlevel3                        functab      0000
intlevel4                        functab      0000
intlevel5                        functab      0000
isr@count                        bssBANK1     00C9
main@j                           cstackBANK1  00C2
main@j_178                       cstackBANK1  00C4
main@key                         cstackBANK1  00C6
power_on_screen@i                cstackBANK0  0028
power_on_screen@i_188            cstackBANK0  0029
power_on_screen@pos              cstackBANK0  002A
read_digital_keypad@longpress    bssBANK0     0068
read_digital_keypad@mode         cstackCOMMON 0073
read_digital_keypad@once         dataBANK0    006D
read_digital_keypad@pre_key      bssCOMMON    0079
reset_vec                        reset_vec    0000
run_program@key                  cstackBANK0  005F
run_program@time                 bssBANK0     0060
run_program@total_time           bssBANK0     0062
saved_w                          (abs)        007E
start                            init         000C
start_initialization             cinit        000F
washing_program_display@key      cstackBANK0  0027
water_level_display@key          cstackBANK0  0027
wtemp0                           (abs)        007E


MODULE INFORMATION

Module		Function		Class		Link	Load	Size
C:\Program Files\Microchip\xc8\v3.00\pic\sources\c99\common\flge.c
		___flge        		CODE           	08FF	0000	164

C:\Program Files\Microchip\xc8\v3.00\pic\sources\c99\common\flge.c estimated size: 164

digitalkeypad.c
		_init_digital_keypad		CODE           	14CF	0000	6
		_read_digital_keypad		CODE           	1728	0000	98

digitalkeypad.c estimated size: 104

C:\Program Files\Microchip\xc8\v3.00\pic\sources\c99\common\Umul16.c
		___wmul        		CODE           	157D	0000	37

C:\Program Files\Microchip\xc8\v3.00\pic\sources\c99\common\Umul16.c estimated size: 37

timer.c
		_init_timer2   		CODE           	14E0	0000	13

timer.c estimated size: 13

C:\Program Files\Microchip\xc8\v3.00\pic\sources\c99\common\awmod.c
		___awmod       		CODE           	16D1	0000	87

C:\Program Files\Microchip\xc8\v3.00\pic\sources\c99\common\awmod.c estimated size: 87

C:\Program Files\Microchip\xc8\v3.00\pic\sources\c99\common\sprcmul.c
		___flmul       		CODE           	03E6	0000	834

C:\Program Files\Microchip\xc8\v3.00\pic\sources\c99\common\sprcmul.c estimated size: 834

isr.c
		_isr           		CODE           	15FA	0000	58

isr.c estimated size: 58

shared
		__stringtab    		STRING         	1197	0000	18
		__initialization		CODE           	000F	0000	48

shared estimated size: 66

clcd.c
		_clcd_write    		CODE           	1538	0000	33
		_clcd_print    		CODE           	15CB	0000	47
		_clcd_putch    		CODE           	150D	0000	21
		_init_display_controller		CODE           	1634	0000	71
		_init_clcd     		CODE           	14D5	0000	11

clcd.c estimated size: 183

C:\Program Files\Microchip\xc8\v3.00\pic\sources\c99\common\xxtofl.c
		___xxtofl      		CODE           	0728	0000	182

C:\Program Files\Microchip\xc8\v3.00\pic\sources\c99\common\xxtofl.c estimated size: 182

C:\Program Files\Microchip\xc8\v3.00\pic\sources\c99\common\awdiv.c
		___awdiv       		CODE           	0805	0000	101

C:\Program Files\Microchip\xc8\v3.00\pic\sources\c99\common\awdiv.c estimated size: 101

C:\Program Files\Microchip\xc8\v3.00\pic\sources\c99\common\fltol.c
		___fltol       		CODE           	178A	0000	118

C:\Program Files\Microchip\xc8\v3.00\pic\sources\c99\common\fltol.c estimated size: 118

main.c
		_door_status_check		CODE           	167B	0000	86
		_washing_program_display		CODE           	09A3	0000	242
		_main          		CODE           	0C82	0000	294
		_water_level_display		CODE           	0A95	0000	242
		_run_program   		CODE           	0043	0000	931
		_clear_screen  		CODE           	14ED	0000	13
		_power_on_screen		CODE           	086A	0000	149
		_init_config   		CODE           	1522	0000	22
		_set_time_for_program		CODE           	0B87	0000	251

main.c estimated size: 2230

C:\Program Files\Microchip\xc8\v3.00\pic\sources\c99\common\sprcadd.c
		___flsub       		CODE           	1559	0000	36
		___fladd       		CODE           	0DA8	0000	600

C:\Program Files\Microchip\xc8\v3.00\pic\sources\c99\common\sprcadd.c estimated size: 636

C:\Program Files\Microchip\xc8\v3.00\pic\sources\c99\common\Umul8_16.c
		__Umul8_16     		CODE           	15A2	0000	41

C:\Program Files\Microchip\xc8\v3.00\pic\sources\c99\common\Umul8_16.c estimated size: 41

